// Jest Snapshot v1, https://goo.gl/fbAQLP

exports[`<Auth/> Container should match the snapshot 1`] = `"<div class=\\"Auth\\"><div class=\\"col-sm-3 ml-auto mr-auto pt-5\\"><form><div class=\\"form-group\\"><label class=\\"form-label\\" for=\\"username\\"><b>Email address</b></label><input type=\\"username\\" autofocus=\\"\\" value=\\"\\" name=\\"username\\" id=\\"username\\" class=\\"form-control\\"/></div><div class=\\"form-group\\"><label class=\\"form-label\\" for=\\"password\\"><b>Password</b></label><input type=\\"password\\" value=\\"\\" name=\\"password\\" id=\\"password\\" class=\\"form-control\\"/></div><button type=\\"submit\\" class=\\"col-sm-6 offset-sm-4 mt-4 btn btn-primary btn-block\\">Login</button></form></div></div>"`;
